// Vitest Snapshot v1, https://vitest.dev/guide/snapshot.html

exports[`migrations > should migrate to latest 1`] = `
{
  "results": [
    {
      "direction": "Up",
      "migrationName": "v1",
      "status": "Success",
    },
  ],
}
`;
